// Jest Snapshot v1, https://goo.gl/fbAQLP

exports[`Pruebas en <GifGidItems /> Debe mostrar el componente correctamente 1`] = `
<div
  className="card animate__animated animate__fadeIn"
>
  <img
    alt="Titulo de prueba"
    src="https//localhosto/prueba"
  />
  <p>
    Titulo de prueba
  </p>
</div>
`;
